// Jest Snapshot v1, https://goo.gl/fbAQLP

exports[`renders correctly 1`] = `
<div>
  <div>
    <div
      className="outer-article-container"
    >
      <div
        className="articles-details"
      >
        <h2
          className="articles-title"
        >
          Title1
        </h2>
        <p>
          Lorem Ipsum blah blah...
        </p>
        <div
          className="articles-details-info"
        >
          <p>
            Megan
             
          </p>
          <p>
            Fri Mar 27 2020
          </p>
        </div>
      </div>
      <div
        className="articles-aside"
      >
        <a
          href="http://localhost:3001/articles/1"
        >
          View Full Article
        </a>
      </div>
    </div>
  </div>
</div>
`;
