// Jest Snapshot v1, https://goo.gl/fbAQLP

exports[`renders correctly 1`] = `
<div
  className="outer-article-container"
>
  <div
    className="articles-details"
  >
    <h2
      className="articles-title"
    >
      New Post
    </h2>
    <p>
      Ipsum Lorem
    </p>
    <div
      className="articles-details-info"
    >
      <p>
        Megan
         
      </p>
      <p>
        27 March 2020
      </p>
    </div>
  </div>
  <div
    className="articles-aside"
  >
    <a
      href="google.com"
    >
      Click Here
    </a>
  </div>
</div>
`;
