// Jest Snapshot v1, https://goo.gl/fbAQLP

exports[`ArticlesHeader Snapshots should render as expected 1`] = `
<div>
  <div
    id="articles-header"
  >
    <a
      href="http://localhost"
    >
      <h1>
        Demonic Cats
      </h1>
      <h2>
        And the people who love them.
      </h2>
    </a>
    <br />
  </div>
</div>
`;
