// Jest Snapshot v1, https://goo.gl/fbAQLP

exports[`renders correctly 1`] = `
<div
  className="articles-details"
>
  <h1
    className="articles-title"
  >
    New Post
  </h1>
  <p>
    Ipsum Lorem
  </p>
  <div
    className="articles-details-info"
  >
    <p>
      Megan
       
      Duffy
    </p>
    <p>
      27 March 2020
    </p>
  </div>
</div>
`;
